// Jest Snapshot v1, https://goo.gl/fbAQLP

exports[`returns super heros that can fly 1`] = `
[
  {
    "name": "Dynagay",
    "powers": [
      "disintegration ray",
      "fly",
    ],
  },
  {
    "name": "Apogee",
    "powers": [
      "gravity control",
      "fly",
    ],
  },
  {
    "name": "Jack-Jack",
    "powers": [
      "shapeshifting",
      "fly",
    ],
  },
]
`;
